drv_LTC6811_proto.c:57:10:pec15_calc	24	static
drv_LTC6811_proto.c:76:6:wakeup_idle	24	static
drv_LTC6811_proto.c:88:6:ltc6811_delay_ms	24	static
drv_LTC6811_proto.c:103:6:wakeup_sleep	24	static
drv_LTC6811_proto.c:119:6:cmd_68	24	static
drv_LTC6811_proto.c:142:6:ReserveByteOrder	24	static
drv_LTC6811_proto.c:154:6:check_crc	32	static
drv_LTC6811_proto.c:178:6:LTC681x_rdcv_reg	24	static
drv_LTC6811_proto.c:238:10:Cmd_RecvData	32	static
drv_LTC6811_proto.c:259:8:LTC6804_rdcfg	32	static
drv_LTC6811_proto.c:313:8:LTC6804_Revision_Get	32	static
drv_LTC6811_proto.c:341:8:LTC6804_RDAUXA_Get	32	static
drv_LTC6811_proto.c:370:6:LTC681x_cvst	24	static
drv_LTC6811_proto.c:387:6:LTC681x_adcv	24	static
drv_LTC6811_proto.c:413:6:LTC681x_adstat	24	static
drv_LTC6811_proto.c:428:10:LTC681x_pollAdc	16	static
drv_LTC6811_proto.c:452:6:LTC681x_adax	24	static
drv_LTC6811_proto.c:468:6:LTC681x_adcvax	24	static
drv_LTC6811_proto.c:481:6:LTC681x_clrcell	16	static
drv_LTC6811_proto.c:486:6:LTC681x_clraux	16	static
drv_LTC6811_proto.c:491:6:LTC681x_adcvsc	24	static
drv_LTC6811_proto.c:507:6:LTC681x_rdstat_reg	24	static
drv_LTC6811_proto.c:546:6:LTC681x_rdaux_reg	24	static
drv_LTC6811_proto.c:594:6:LTC681x_adow	24	static
drv_LTC6811_proto.c:611:6:ltc6811_wakeup_standy	8	static
